../Core/Inc/common.h:11:6:delay350Microseconds	24	static
../Core/Inc/radio.h:12:6:TransmitSignal	16	static
../Core/Inc/radio.h:19:6:sendSequence	32	static
../Core/Src/main.c:91:6:circularBufferToRecording	16	static
../Core/Src/main.c:100:9:convertBufferToSample	24	static
../Core/Src/main.c:117:6:saveSample	24	static
../Core/Src/main.c:136:6:bufferLoop	24	static
../Core/Src/main.c:148:6:stopRecording	8	static
../Core/Src/main.c:159:6:HAL_I2S_RxHalfCpltCallback	16	static
../Core/Src/main.c:173:6:HAL_I2S_RxCpltCallback	16	static
../Core/Src/main.c:199:5:main	24	static
../Core/Src/main.c:302:6:SystemClock_Config	88	static
../Core/Src/main.c:348:13:MX_ETH_Init	8	static
../Core/Src/main.c:397:13:MX_I2S2_Init	8	static
../Core/Src/main.c:431:13:MX_TIM4_Init	32	static
../Core/Src/main.c:476:13:MX_USART3_UART_Init	8	static
../Core/Src/main.c:509:13:MX_USB_OTG_FS_PCD_Init	8	static
../Core/Src/main.c:542:13:MX_DMA_Init	16	static
../Core/Src/main.c:560:13:MX_GPIO_Init	56	static
../Core/Src/main.c:660:6:Error_Handler	4	static,ignoring_inline_asm
