../Core/Inc/common.h:11:6:delay350Microseconds	24	static
../Core/Inc/radio.h:12:6:TransmitSignal	16	static
../Core/Inc/radio.h:19:6:sendSequence	32	static
../Core/Src/main.c:84:5:main	8	static
../Core/Src/main.c:147:6:SystemClock_Config	88	static
../Core/Src/main.c:193:13:MX_ETH_Init	8	static
../Core/Src/main.c:242:13:MX_TIM4_Init	32	static
../Core/Src/main.c:287:13:MX_USART3_UART_Init	8	static
../Core/Src/main.c:320:13:MX_USB_OTG_FS_PCD_Init	8	static
../Core/Src/main.c:355:13:MX_GPIO_Init	56	static
../Core/Src/main.c:455:6:Error_Handler	4	static,ignoring_inline_asm
